The following modules were not unloaded:
  (Use "module --force purge" to unload all):

  1) 2023.01   2) StdEnv
2026-05-11 22:17:00,464 INFO load_spacy_model: Loaded spaCy model: en_core_web_sm (trf not available)
2026-05-11 22:17:00,466 INFO compute_controls: Loaded 82 single-word and 19 multiword hedges from data/hedges_hyland_2005.txt
2026-05-11 22:17:00,466 INFO compute_controls: Pass 1: computing raw controls from outputs/comments_segmented.jsonl
2026-05-11 22:19:30,198 INFO compute_controls: Processed 10000 comments
2026-05-11 22:21:51,858 INFO compute_controls: Processed 20000 comments
2026-05-11 22:23:26,740 INFO compute_controls: Processed 30000 comments
2026-05-11 22:25:26,094 INFO compute_controls: Processed 40000 comments
2026-05-11 22:27:28,529 INFO compute_controls: Processed 50000 comments
2026-05-11 22:29:33,635 INFO compute_controls: Processed 60000 comments
2026-05-11 22:31:24,523 INFO compute_controls: Processed 70000 comments
2026-05-11 22:32:54,318 INFO compute_controls: Processed 80000 comments
2026-05-11 22:34:59,946 INFO compute_controls: Processed 90000 comments
2026-05-11 22:36:57,761 INFO compute_controls: Processed 100000 comments
2026-05-11 22:38:37,924 INFO compute_controls: Processed 110000 comments
2026-05-11 22:40:26,673 INFO compute_controls: Processed 120000 comments
2026-05-11 22:42:02,123 INFO compute_controls: Processed 130000 comments
2026-05-11 22:44:22,393 INFO compute_controls: Processed 140000 comments
2026-05-11 22:46:08,820 INFO compute_controls: Processed 150000 comments
2026-05-11 22:48:04,460 INFO compute_controls: Processed 160000 comments
2026-05-11 22:50:05,763 INFO compute_controls: Processed 170000 comments
2026-05-11 22:52:17,201 INFO compute_controls: Processed 180000 comments
2026-05-11 22:54:32,006 INFO compute_controls: Processed 190000 comments
2026-05-11 22:56:18,304 INFO compute_controls: Processed 200000 comments
2026-05-11 22:58:57,812 INFO compute_controls: Processed 210000 comments
2026-05-11 23:00:57,829 INFO compute_controls: Processed 220000 comments
2026-05-11 23:02:29,295 INFO compute_controls: Processed 230000 comments
2026-05-11 23:03:43,140 INFO compute_controls: Processed 240000 comments
2026-05-11 23:05:00,121 INFO compute_controls: Processed 250000 comments
2026-05-11 23:07:13,029 INFO compute_controls: Processed 260000 comments
2026-05-11 23:08:50,542 INFO compute_controls: Processed 270000 comments
2026-05-11 23:10:10,432 INFO compute_controls: Processed 280000 comments
2026-05-11 23:11:21,460 INFO compute_controls: Processed 290000 comments
2026-05-11 23:12:39,351 INFO compute_controls: Processed 300000 comments
2026-05-11 23:13:51,711 INFO compute_controls: Processed 310000 comments
2026-05-11 23:15:06,425 INFO compute_controls: Processed 320000 comments
2026-05-11 23:16:19,330 INFO compute_controls: Processed 330000 comments
2026-05-11 23:17:35,523 INFO compute_controls: Processed 340000 comments
2026-05-11 23:18:47,622 INFO compute_controls: Processed 350000 comments
2026-05-11 23:20:02,086 INFO compute_controls: Processed 360000 comments
2026-05-11 23:21:19,719 INFO compute_controls: Processed 370000 comments
2026-05-11 23:22:28,692 INFO compute_controls: Processed 380000 comments
2026-05-11 23:23:42,234 INFO compute_controls: Processed 390000 comments
2026-05-11 23:24:55,966 INFO compute_controls: Processed 400000 comments
2026-05-11 23:26:08,348 INFO compute_controls: Processed 410000 comments
2026-05-11 23:27:13,724 INFO compute_controls: Processed 420000 comments
2026-05-11 23:28:21,488 INFO compute_controls: Processed 430000 comments
2026-05-11 23:29:31,835 INFO compute_controls: Processed 440000 comments
2026-05-11 23:30:47,040 INFO compute_controls: Processed 450000 comments
2026-05-11 23:31:57,700 INFO compute_controls: Processed 460000 comments
2026-05-11 23:33:11,462 INFO compute_controls: Processed 470000 comments
2026-05-11 23:34:20,252 INFO compute_controls: Processed 480000 comments
2026-05-11 23:35:31,987 INFO compute_controls: Processed 490000 comments
2026-05-11 23:36:38,204 INFO compute_controls: Processed 500000 comments
2026-05-11 23:37:50,646 INFO compute_controls: Processed 510000 comments
2026-05-11 23:39:01,030 INFO compute_controls: Processed 520000 comments
2026-05-11 23:40:12,274 INFO compute_controls: Processed 530000 comments
2026-05-11 23:41:22,146 INFO compute_controls: Processed 540000 comments
2026-05-11 23:42:35,005 INFO compute_controls: Processed 550000 comments
2026-05-11 23:43:48,010 INFO compute_controls: Processed 560000 comments
2026-05-11 23:45:00,801 INFO compute_controls: Processed 570000 comments
2026-05-11 23:46:14,621 INFO compute_controls: Processed 580000 comments
2026-05-11 23:47:25,289 INFO compute_controls: Processed 590000 comments
2026-05-11 23:48:25,287 INFO compute_controls: Pass 1 complete. Wrote 598272 rows to outputs/comments_controls.parquet
2026-05-11 23:48:26,701 INFO compute_controls: Stage 5 complete.
